Archive member included to satisfy reference by file (symbol)

c:/program files/microchip/xc8/v2.50/avr/bin/../lib/gcc/avr/5.4.0/../../../../avr/lib/avr5\libm.a(cmpsf2.o)
                              build/default/production/buzzer.o (__ltsf2)
c:/program files/microchip/xc8/v2.50/avr/bin/../lib/gcc/avr/5.4.0/../../../../avr/lib/avr5\libm.a(fixsfsi.o)
                              build/default/production/main.o (__fixsfsi)
c:/program files/microchip/xc8/v2.50/avr/bin/../lib/gcc/avr/5.4.0/../../../../avr/lib/avr5\libm.a(fixunssfsi.o)
                              build/default/production/buzzer.o (__fixunssfsi)
c:/program files/microchip/xc8/v2.50/avr/bin/../lib/gcc/avr/5.4.0/../../../../avr/lib/avr5\libm.a(floatsisf.o)
                              build/default/production/lm35.o (__floatunsisf)
c:/program files/microchip/xc8/v2.50/avr/bin/../lib/gcc/avr/5.4.0/../../../../avr/lib/avr5\libm.a(fp_cmp.o)
                              c:/program files/microchip/xc8/v2.50/avr/bin/../lib/gcc/avr/5.4.0/../../../../avr/lib/avr5\libm.a(cmpsf2.o) (__fp_cmp)
c:/program files/microchip/xc8/v2.50/avr/bin/../lib/gcc/avr/5.4.0/../../../../avr/lib/avr5\libm.a(fp_split3.o)
                              c:/program files/microchip/xc8/v2.50/avr/bin/../lib/gcc/avr/5.4.0/../../../../avr/lib/avr5\libm.a(fixunssfsi.o) (__fp_splitA)
c:/program files/microchip/xc8/v2.50/avr/bin/../lib/gcc/avr/5.4.0/../../../../avr/lib/avr5\libm.a(fp_zero.o)
                              c:/program files/microchip/xc8/v2.50/avr/bin/../lib/gcc/avr/5.4.0/../../../../avr/lib/avr5\libm.a(fixunssfsi.o) (__fp_zero)
c:/program files/microchip/xc8/v2.50/avr/bin/../lib/gcc/avr/5.4.0/../../../../avr/lib/avr5\libm.a(gesf2.o)
                              build/default/production/buzzer.o (__gtsf2)
c:/program files/microchip/xc8/v2.50/avr/bin/../lib/gcc/avr/5.4.0/../../../../avr/lib/avr5\libm.a(mulsf3.o)
                              build/default/production/main.o (__mulsf3)
c:/program files/microchip/xc8/v2.50/avr/bin/../lib/gcc/avr/5.4.0/../../../../avr/lib/avr5\libm.a(mulsf3x.o)
                              c:/program files/microchip/xc8/v2.50/avr/bin/../lib/gcc/avr/5.4.0/../../../../avr/lib/avr5\libm.a(mulsf3.o) (__mulsf3x)
c:/program files/microchip/xc8/v2.50/avr/bin/../lib/gcc/avr/5.4.0/../../../../avr/lib/avr5\libm.a(fp_inf.o)
                              c:/program files/microchip/xc8/v2.50/avr/bin/../lib/gcc/avr/5.4.0/../../../../avr/lib/avr5\libm.a(mulsf3x.o) (__fp_inf)
c:/program files/microchip/xc8/v2.50/avr/bin/../lib/gcc/avr/5.4.0/../../../../avr/lib/avr5\libm.a(fp_nan.o)
                              c:/program files/microchip/xc8/v2.50/avr/bin/../lib/gcc/avr/5.4.0/../../../../avr/lib/avr5\libm.a(mulsf3x.o) (__fp_nan)
c:/program files/microchip/xc8/v2.50/avr/bin/../lib/gcc/avr/5.4.0/../../../../avr/lib/avr5\libm.a(fp_pscA.o)
                              c:/program files/microchip/xc8/v2.50/avr/bin/../lib/gcc/avr/5.4.0/../../../../avr/lib/avr5\libm.a(mulsf3x.o) (__fp_pscA)
c:/program files/microchip/xc8/v2.50/avr/bin/../lib/gcc/avr/5.4.0/../../../../avr/lib/avr5\libm.a(fp_pscB.o)
                              c:/program files/microchip/xc8/v2.50/avr/bin/../lib/gcc/avr/5.4.0/../../../../avr/lib/avr5\libm.a(mulsf3x.o) (__fp_pscB)
c:/program files/microchip/xc8/v2.50/avr/bin/../lib/gcc/avr/5.4.0/../../../../avr/lib/avr5\libm.a(fp_round.o)
                              c:/program files/microchip/xc8/v2.50/avr/bin/../lib/gcc/avr/5.4.0/../../../../avr/lib/avr5\libm.a(mulsf3.o) (__fp_round)
c:/program files/microchip/xc8/v2.50/avr/bin/../lib/gcc/avr/5.4.0/avr5\libgcc.a(_divmodhi4.o)
                              build/default/production/buzzer.o (__divmodhi4)
c:/program files/microchip/xc8/v2.50/avr/bin/../lib/gcc/avr/5.4.0/avr5\libgcc.a(_tablejump2.o)
                              build/default/production/seg_7.o (__tablejump2__)
c:/program files/microchip/xc8/v2.50/avr/bin/../lib/gcc/avr/5.4.0/avr5\libgcc.a(_copy_data.o)
                              build/default/production/main.o (__do_copy_data)
c:/program files/microchip/xc8/v2.50/avr/bin/../lib/gcc/avr/5.4.0/avr5\libgcc.a(_udivmodhi4.o)
                              c:/program files/microchip/xc8/v2.50/avr/bin/../lib/gcc/avr/5.4.0/avr5\libgcc.a(_divmodhi4.o) (__udivmodhi4)
c:/program files/microchip/xc8/v2.50/avr/bin/../lib/gcc/avr/5.4.0/../../../../avr/lib/avr5\libc.a(exit.o)
                              C:/Program Files/Microchip/MPLABX/v6.20/packs/Microchip/ATmega_DFP/3.1.264/xc8/avr/lib/avr5/crtatmega32a.o (exit)
c:/program files/microchip/xc8/v2.50/avr/bin/../lib/gcc/avr/5.4.0/../../../../avr/lib/avr5\libc.a(__sio_sprintf_doux.o)
                              build/default/production/lcd1602.o (_sprintf_cdopuxX)
c:/program files/microchip/xc8/v2.50/avr/bin/../lib/gcc/avr/5.4.0/../../../../avr/lib/avr5\libc.a(__fmt_d.o)
                              c:/program files/microchip/xc8/v2.50/avr/bin/../lib/gcc/avr/5.4.0/../../../../avr/lib/avr5\libc.a(__sio_sprintf_doux.o) (__fmt_d_needed)
[...]
Memory Configuration

Name             Origin             Length             Attributes
text             0x0000000000000000 0x0000000000008000 xr
data             0x0000000000800060 0x0000000000000800 rw !x
eeprom           0x0000000000810000 0x0000000000000400 rw !x
fuse             0x0000000000820000 0x0000000000000002 rw !x
lock             0x0000000000830000 0x0000000000000400 rw !x
signature        0x0000000000840000 0x0000000000000400 rw !x
user_signatures  0x0000000000850000 0x0000000000000400 rw !x
bootrow          0x0000000000860000 0x0000000000000400 rw !x
*default*        0x0000000000000000 0xffffffffffffffff

Linker script and memory map

LOAD C:/Program Files/Microchip/MPLABX/v6.20/packs/Microchip/ATmega_DFP/3.1.264/xc8/avr/lib/avr5/crtatmega32a.o
                0x0000000000000001                __MPLAB_BUILD = 0x1
LOAD build/default/production/main.o
LOAD build/default/production/DIO.o
LOAD build/default/production/keypad_3x3.o
LOAD build/default/production/buzzer.o
LOAD build/default/production/led.o
LOAD build/default/production/seg_7.o
LOAD build/default/production/lcd1602.o
LOAD build/default/production/INTERRUPT.o
LOAD build/default/production/ADC.o
LOAD build/default/production/lm35.o
START GROUP
LOAD c:/program files/microchip/xc8/v2.50/avr/bin/../lib/gcc/avr/5.4.0/../../../../avr/lib/avr5\libm.a
END GROUP
START GROUP
LOAD c:/program files/microchip/xc8/v2.50/avr/bin/../lib/gcc/avr/5.4.0/avr5\libgcc.a
LOAD c:/program files/microchip/xc8/v2.50/avr/bin/../lib/gcc/avr/5.4.0/../../../../avr/lib/avr5\libm.a
LOAD c:/program files/microchip/xc8/v2.50/avr/bin/../lib/gcc/avr/5.4.0/../../../../avr/lib/avr5\libc.a
LOAD C:/Program Files/Microchip/MPLABX/v6.20/packs/Microchip/ATmega_DFP/3.1.264/xc8/avr/lib/avr5\libatmega32a.a
END GROUP
                [0x0000000000000000]                __TEXT_REGION_ORIGIN__ = DEFINED (__TEXT_REGION_ORIGIN__)?__TEXT_REGION_ORIGIN__:0x0
                [0x0000000000800060]                __DATA_REGION_ORIGIN__ = DEFINED (__DATA_REGION_ORIGIN__)?__DATA_REGION_ORIGIN__:0x800060
                [0x0000000000008000]                __TEXT_REGION_LENGTH__ = DEFINED (__TEXT_REGION_LENGTH__)?__TEXT_REGION_LENGTH__:0x20000
                [0x0000000000000800]                __DATA_REGION_LENGTH__ = DEFINED (__DATA_REGION_LENGTH__)?__DATA_REGION_LENGTH__:0xffa0
                [0x0000000000000400]                __EEPROM_REGION_LENGTH__ = DEFINED (__EEPROM_REGION_LENGTH__)?__EEPROM_REGION_LENGTH__:0x10000
                [0x0000000000000002]                __FUSE_REGION_LENGTH__ = DEFINED (__FUSE_REGION_LENGTH__)?__FUSE_REGION_LENGTH__:0x400
                0x0000000000000400                __LOCK_REGION_LENGTH__ = DEFINED (__LOCK_REGION_LENGTH__)?__LOCK_REGION_LENGTH__:0x400
                0x0000000000000400                __SIGNATURE_REGION_LENGTH__ = DEFINED (__SIGNATURE_REGION_LENGTH__)?__SIGNATURE_REGION_LENGTH__:0x400
                0x0000000000000400                __USER_SIGNATURE_REGION_LENGTH__ = DEFINED (__USER_SIGNATURE_REGION_LENGTH__)?__USER_SIGNATURE_REGION_LENGTH__:0x400
                0x0000000000000400                __BOOTROW_REGION_LENGTH__ = DEFINED (__BOOTROW_REGION_LENGTH__)?__BOOTROW_REGION_LENGTH__:0x400

.hash
 *(.hash)

.dynsym
 *(.dynsym)

.dynstr
 *(.dynstr)

.gnu.version
 *(.gnu.version)

.gnu.version_d
 *(.gnu.version_d)

.gnu.version_r
 *(.gnu.version_r)

.rel.init
 *(.rel.init)

.rela.init
 *(.rela.init)

.rel.text
 *(.rel.text)
 *(.rel.text.*)
 *(.rel.gnu.linkonce.t*)

.rela.text
 *(.rela.text)
 *(.rela.text.*)
 *(.rela.gnu.linkonce.t*)

.rel.fini
 *(.rel.fini)

.rela.fini
 *(.rela.fini)

.rel.rodata
 *(.rel.rodata)
 *(.rel.rodata.*)
 *(.rel.gnu.linkonce.r*)

.rela.rodata
 *(.rela.rodata)
 *(.rela.rodata.*)
 *(.rela.gnu.linkonce.r*)

.rel.data
 *(.rel.data)
 *(.rel.data.*)
 *(.rel.gnu.linkonce.d*)

.rela.data
 *(.rela.data)
 *(.rela.data.*)
 *(.rela.gnu.linkonce.d*)

.rel.ctors
 *(.rel.ctors)

.rela.ctors
 *(.rela.ctors)

.rel.dtors
 *(.rel.dtors)

.rela.dtors
 *(.rela.dtors)

.rel.got
 *(.rel.got)

.rela.got
 *(.rela.got)

.rel.bss
 *(.rel.bss)

.rela.bss
 *(.rela.bss)

.rel.plt
 *(.rel.plt)

.rela.plt
 *(.rela.plt)

.text           0x0000000000000000       0xc6
 *(.vectors)
 .vectors       0x0000000000000000       0x54 C:/Program Files/Microchip/MPLABX/v6.20/packs/Microchip/ATmega_DFP/3.1.264/xc8/avr/lib/avr5/crtatmega32a.o
                0x0000000000000000                __vector_default
                0x0000000000000000                __vectors
 *(.vectors)
 *(.progmem.gcc*)
 *(.dinit)
 .dinit         0x0000000000000054       0x1d data_init
                0x0000000000000072                . = ALIGN (0x2)
 *fill*         0x0000000000000071        0x1 
                0x0000000000000072                __trampolines_start = .
 *(.trampolines)
 .trampolines   0x0000000000000072        0x0 linker stubs
 *(.trampolines*)
                0x0000000000000072                __trampolines_end = .
 *libprintf_flt.a:*(.progmem.data)
 *libc.a:*(.progmem.data)
                0x0000000000000072                . = ALIGN (0x2)
 *(.jumptables)
 *(.jumptables*)
 *(.lowtext)
 *(.lowtext*)
                0x0000000000000072                __ctors_start = .
 *(.ctors)
                0x0000000000000072                __ctors_end = .
                0x0000000000000072                __dtors_start = .
 *(.dtors)
                0x0000000000000072                __dtors_end = .
 SORT(*)(.ctors)
 SORT(*)(.dtors)
 *(.init0)
 .init0         0x0000000000000072        0x0 C:/Program Files/Microchip/MPLABX/v6.20/packs/Microchip/ATmega_DFP/3.1.264/xc8/avr/lib/avr5/crtatmega32a.o
                0x0000000000000072                __init
 *(.init0)
 *(.init1)
 *(.init1)
 *(.init2)
 .init2         0x0000000000000072        0xc C:/Program Files/Microchip/MPLABX/v6.20/packs/Microchip/ATmega_DFP/3.1.264/xc8/avr/lib/avr5/crtatmega32a.o
 *(.init2)
 *(.init3)
 *(.init3)
 *(.init4)
 .init4         0x000000000000007e       0x3c c:/program files/microchip/xc8/v2.50/avr/bin/../lib/gcc/avr/5.4.0/avr5\libgcc.a(_copy_data.o)
                0x000000000000007e                __do_copy_data
                0x00000000000000ac                __do_clear_bss
 *(.init4)
 *(.init5)
 *(.init5)
 *(.init6)
 *(.init6)
 *(.init7)
 *(.init7)
 *(.init8)
 *(.init8)
 *(.init9)
 .init9         0x00000000000000ba        0x8 C:/Program Files/Microchip/MPLABX/v6.20/packs/Microchip/ATmega_DFP/3.1.264/xc8/avr/lib/avr5/crtatmega32a.o
 *(.init9)
                0x00000000000000c2                . = ALIGN (0x2)
 *(.fini9)
 .fini9         0x00000000000000c2        0x0 c:/program files/microchip/xc8/v2.50/avr/bin/../lib/gcc/avr/5.4.0/avr5\libgcc.a(_exit.o)
                0x00000000000000c2                _exit
 *(.fini9)
 *(.fini8)
 *(.fini8)
 *(.fini7)
 *(.fini7)
 *(.fini6)
 *(.fini6)
 *(.fini5)
 *(.fini5)
 *(.fini4)
 *(.fini4)
 *(.fini3)
 *(.fini3)
 *(.fini2)
 *(.fini2)
 *(.fini1)
 *(.fini1)
 *(.fini0)
 .fini0         0x00000000000000c2        0x4 c:/program files/microchip/xc8/v2.50/avr/bin/../lib/gcc/avr/5.4.0/avr5\libgcc.a(_exit.o)
 *(.fini0)
                0x00000000000000c6                _etext = .

.data           0x0000000000800060        0x0 load address 0x00000000000000c6
                [!provide]                        PROVIDE (__data_start, .)
 *(.gnu.linkonce.d*)
 *(.gnu.linkonce.r*)
                0x0000000000800060                . = ALIGN (0x2)
                0x0000000000800060                _edata = .
                [!provide]                        PROVIDE (__data_end, .)

.bss            0x0000000000800060        0x2
                [!provide]                        PROVIDE (__bss_start, .)
 *(COMMON)
 COMMON         0x0000000000800060        0x2 c:/program files/microchip/xc8/v2.50/avr/bin/../lib/gcc/avr/5.4.0/../../../../avr/lib/avr5\libc.a(errno.o)
                0x0000000000800060                __errno_val
                [!provide]                        PROVIDE (__bss_end, .)
                0x00000000000000c6                __data_load_start = LOADADDR (.data)
                0x00000000000000c6                __data_load_end = (__data_load_start + SIZEOF (.data))

.noinit         0x0000000000800062        0x0
                [!provide]                        PROVIDE (__noinit_start, .)
 *(.noinit*)
                [!provide]                        PROVIDE (__noinit_end, .)
                0x0000000000800062                _end = .

.eeprom         0x0000000000810000        0x0
 *(.eeprom*)
                0x0000000000810000                __eeprom_end = .

.fuse
 *(.fuse)
 *(.lfuse)
 *(.hfuse)
 *(.efuse)

.lock
 *(.lock*)

.signature
 *(.signature*)

.user_signatures
 *(.user_signatures*)

.bootrow
 *(.bootrow*)

.stab
 *(.stab)

.stabstr
 *(.stabstr)

.stab.excl
 *(.stab.excl)

.stab.exclstr
 *(.stab.exclstr)

.stab.index
 *(.stab.index)

.stab.indexstr
 *(.stab.indexstr)

.comment        0x0000000000000000       0x5b
 *(.comment)
 .comment       0x0000000000000000       0x2f build/default/production/main.o
                                         0x30 (size before relaxing)
 .comment       0x000000000000002f       0x30 build/default/production/DIO.o
 .comment       0x000000000000002f       0x30 build/default/production/keypad_3x3.o
 .comment       0x000000000000002f       0x30 build/default/production/lcd1602.o
 .comment       0x000000000000002f       0x30 build/default/production/INTERRUPT.o
 .comment       0x000000000000002f       0x30 build/default/production/ADC.o
 .comment       0x000000000000002f       0x30 build/default/production/lm35.o
 .comment       0x000000000000002f       0x2c c:/program files/microchip/xc8/v2.50/avr/bin/../lib/gcc/avr/5.4.0/../../../../avr/lib/avr5\libc.a(exit.o)
                                         0x2d (size before relaxing)
 .comment       0x000000000000005b       0x2d c:/program files/microchip/xc8/v2.50/avr/bin/../lib/gcc/avr/5.4.0/../../../../avr/lib/avr5\libc.a(__sio_sprintf_doux.o)
 .comment       0x000000000000005b       0x2d c:/program files/microchip/xc8/v2.50/avr/bin/../lib/gcc/avr/5.4.0/../../../../avr/lib/avr5\libc.a(__fmt_d.o)
 .comment       0x000000000000005b       0x2d c:/program files/microchip/xc8/v2.50/avr/bin/../lib/gcc/avr/5.4.0/../../../../avr/lib/avr5\libc.a(__fmt_o.o)
 .comment       0x000000000000005b       0x2d c:/program files/microchip/xc8/v2.50/avr/bin/../lib/gcc/avr/5.4.0/../../../../avr/lib/avr5\libc.a(__fmt_s.o)
 .comment       0x000000000000005b       0x2d c:/program files/microchip/xc8/v2.50/avr/bin/../lib/gcc/avr/5.4.0/../../../../avr/lib/avr5\libc.a(__fmt_u.o)
 .comment       0x000000000000005b       0x2d c:/program files/microchip/xc8/v2.50/avr/bin/../lib/gcc/avr/5.4.0/../../../../avr/lib/avr5\libc.a(__fmt_x.o)
 .comment       0x000000000000005b       0x2d c:/program files/microchip/xc8/v2.50/avr/bin/../lib/gcc/avr/5.4.0/../../../../avr/lib/avr5\libc.a(__pop_int.o)
 .comment       0x000000000000005b       0x2d c:/program files/microchip/xc8/v2.50/avr/bin/../lib/gcc/avr/5.4.0/../../../../avr/lib/avr5\libc.a(__printf_core.o)
 .comment       0x000000000000005b       0x2d c:/program files/microchip/xc8/v2.50/avr/bin/../lib/gcc/avr/5.4.0/../../../../avr/lib/avr5\libc.a(fputc.o)
 .comment       0x000000000000005b       0x2d c:/program files/microchip/xc8/v2.50/avr/bin/../lib/gcc/avr/5.4.0/../../../../avr/lib/avr5\libc.a(strlen.o)
 .comment       0x000000000000005b       0x2d c:/program files/microchip/xc8/v2.50/avr/bin/../lib/gcc/avr/5.4.0/../../../../avr/lib/avr5\libc.a(tolower.o)
 .comment       0x000000000000005b       0x2d c:/program files/microchip/xc8/v2.50/avr/bin/../lib/gcc/avr/5.4.0/../../../../avr/lib/avr5\libc.a(toupper.o)
 .comment       0x000000000000005b       0x2d c:/program files/microchip/xc8/v2.50/avr/bin/../lib/gcc/avr/5.4.0/../../../../avr/lib/avr5\libc.a(errno.o)
 .comment       0x000000000000005b       0x2d c:/program files/microchip/xc8/v2.50/avr/bin/../lib/gcc/avr/5.4.0/../../../../avr/lib/avr5\libc.a(_Exit.o)
 .comment       0x000000000000005b       0x2d c:/program files/microchip/xc8/v2.50/avr/bin/../lib/gcc/avr/5.4.0/../../../../avr/lib/avr5\libc.a(__int_vsprintf.o)
 .comment       0x000000000000005b       0x2d c:/program files/microchip/xc8/v2.50/avr/bin/../lib/gcc/avr/5.4.0/../../../../avr/lib/avr5\libc.a(__int_vsnprintf.o)
 .comment       0x000000000000005b       0x2d c:/program files/microchip/xc8/v2.50/avr/bin/../lib/gcc/avr/5.4.0/../../../../avr/lib/avr5\libc.a(__int_vfprintf.o)

.stack.descriptors.hdr
                0x0000000000000000      0x1c0
 .stack.descriptors.hdr
                0x0000000000000000        0xe c:/program files/microchip/xc8/v2.50/avr/bin/../lib/gcc/avr/5.4.0/../../../../avr/lib/avr5\libm.a(fixsfsi.o)
 .stack.descriptors.hdr
                0x000000000000000e        0xe c:/program files/microchip/xc8/v2.50/avr/bin/../lib/gcc/avr/5.4.0/../../../../avr/lib/avr5\libm.a(fixunssfsi.o)
 .stack.descriptors.hdr
                0x000000000000001c        0xe c:/program files/microchip/xc8/v2.50/avr/bin/../lib/gcc/avr/5.4.0/../../../../avr/lib/avr5\libm.a(floatsisf.o)
 .stack.descriptors.hdr
                0x000000000000002a        0xe c:/program files/microchip/xc8/v2.50/avr/bin/../lib/gcc/avr/5.4.0/../../../../avr/lib/avr5\libm.a(fp_split3.o)
 .stack.descriptors.hdr
                0x0000000000000038        0xe c:/program files/microchip/xc8/v2.50/avr/bin/../lib/gcc/avr/5.4.0/../../../../avr/lib/avr5\libm.a(fp_zero.o)
 .stack.descriptors.hdr
                0x0000000000000046        0xe c:/program files/microchip/xc8/v2.50/avr/bin/../lib/gcc/avr/5.4.0/../../../../avr/lib/avr5\libm.a(mulsf3.o)
 .stack.descriptors.hdr
                0x0000000000000054        0xe c:/program files/microchip/xc8/v2.50/avr/bin/../lib/gcc/avr/5.4.0/../../../../avr/lib/avr5\libm.a(mulsf3x.o)
 .stack.descriptors.hdr
                0x0000000000000062        0xe c:/program files/microchip/xc8/v2.50/avr/bin/../lib/gcc/avr/5.4.0/../../../../avr/lib/avr5\libm.a(fp_inf.o)
 .stack.descriptors.hdr
                0x0000000000000070        0xe c:/program files/microchip/xc8/v2.50/avr/bin/../lib/gcc/avr/5.4.0/../../../../avr/lib/avr5\libm.a(fp_nan.o)
 .stack.descriptors.hdr
                0x000000000000007e        0xe c:/program files/microchip/xc8/v2.50/avr/bin/../lib/gcc/avr/5.4.0/../../../../avr/lib/avr5\libm.a(fp_pscA.o)
 .stack.descriptors.hdr
                0x000000000000008c        0xe c:/program files/microchip/xc8/v2.50/avr/bin/../lib/gcc/avr/5.4.0/../../../../avr/lib/avr5\libm.a(fp_pscB.o)
 .stack.descriptors.hdr
                0x000000000000009a        0xe c:/program files/microchip/xc8/v2.50/avr/bin/../lib/gcc/avr/5.4.0/../../../../avr/lib/avr5\libm.a(fp_round.o)
 .stack.descriptors.hdr
                0x00000000000000a8        0xe c:/program files/microchip/xc8/v2.50/avr/bin/../lib/gcc/avr/5.4.0/../../../../avr/lib/avr5\libc.a(exit.o)
 .stack.descriptors.hdr
                0x00000000000000b6        0xe c:/program files/microchip/xc8/v2.50/avr/bin/../lib/gcc/avr/5.4.0/../../../../avr/lib/avr5\libc.a(__sio_sprintf_doux.o)
 .stack.descriptors.hdr
                0x00000000000000c4        0xe c:/program files/microchip/xc8/v2.50/avr/bin/../lib/gcc/avr/5.4.0/../../../../avr/lib/avr5\libc.a(__fmt_d.o)
 .stack.descriptors.hdr
                0x00000000000000d2        0xe c:/program files/microchip/xc8/v2.50/avr/bin/../lib/gcc/avr/5.4.0/../../../../avr/lib/avr5\libc.a(__fmt_o.o)
 .stack.descriptors.hdr
                0x00000000000000e0        0xe c:/program files/microchip/xc8/v2.50/avr/bin/../lib/gcc/avr/5.4.0/../../../../avr/lib/avr5\libc.a(__fmt_s.o)
 .stack.descriptors.hdr
                0x00000000000000ee        0xe c:/program files/microchip/xc8/v2.50/avr/bin/../lib/gcc/avr/5.4.0/../../../../avr/lib/avr5\libc.a(__fmt_u.o)
 .stack.descriptors.hdr
                0x00000000000000fc        0xe c:/program files/microchip/xc8/v2.50/avr/bin/../lib/gcc/avr/5.4.0/../../../../avr/lib/avr5\libc.a(__fmt_x.o)
 .stack.descriptors.hdr
                0x000000000000010a        0xe c:/program files/microchip/xc8/v2.50/avr/bin/../lib/gcc/avr/5.4.0/../../../../avr/lib/avr5\libc.a(__pop_int.o)
 .stack.descriptors.hdr
                0x0000000000000118        0xe c:/program files/microchip/xc8/v2.50/avr/bin/../lib/gcc/avr/5.4.0/../../../../avr/lib/avr5\libc.a(__printf_core.o)
 .stack.descriptors.hdr
                0x0000000000000126        0xe c:/program files/microchip/xc8/v2.50/avr/bin/../lib/gcc/avr/5.4.0/../../../../avr/lib/avr5\libc.a(fputc.o)
 .stack.descriptors.hdr
                0x0000000000000134        0xe c:/program files/microchip/xc8/v2.50/avr/bin/../lib/gcc/avr/5.4.0/../../../../avr/lib/avr5\libc.a(strlen.o)
 .stack.descriptors.hdr
                0x0000000000000142        0xe c:/program files/microchip/xc8/v2.50/avr/bin/../lib/gcc/avr/5.4.0/../../../../avr/lib/avr5\libc.a(tolower.o)
 .stack.descriptors.hdr
                0x0000000000000150        0xe c:/program files/microchip/xc8/v2.50/avr/bin/../lib/gcc/avr/5.4.0/../../../../avr/lib/avr5\libc.a(toupper.o)
 .stack.descriptors.hdr
                0x000000000000015e        0xe c:/program files/microchip/xc8/v2.50/avr/bin/../lib/gcc/avr/5.4.0/../../../../avr/lib/avr5\libc.a(errno.o)
 .stack.descriptors.hdr
                0x000000000000016c        0xe c:/program files/microchip/xc8/v2.50/avr/bin/../lib/gcc/avr/5.4.0/../../../../avr/lib/avr5\libc.a(_Exit.o)
 .stack.descriptors.hdr
                0x000000000000017a        0xe c:/program files/microchip/xc8/v2.50/avr/bin/../lib/gcc/avr/5.4.0/../../../../avr/lib/avr5\libc.a(__int_vsprintf.o)
 .stack.descriptors.hdr
                0x0000000000000188        0xe c:/program files/microchip/xc8/v2.50/avr/bin/../lib/gcc/avr/5.4.0/../../../../avr/lib/avr5\libc.a(__int_vsnprintf.o)
 .stack.descriptors.hdr
                0x0000000000000196        0xe c:/program files/microchip/xc8/v2.50/avr/bin/../lib/gcc/avr/5.4.0/../../../../avr/lib/avr5\libc.a(__int_vfprintf.o)
 .stack.descriptors.hdr
                0x00000000000001a4        0xe c:/program files/microchip/xc8/v2.50/avr/bin/../lib/gcc/avr/5.4.0/avr5\libgcc.a(_udivmodsi4.o)
 .stack.descriptors.hdr
                0x00000000000001b2        0xe c:/program files/microchip/xc8/v2.50/avr/bin/../lib/gcc/avr/5.4.0/avr5\libgcc.a(_exit.o)

.note.GNU-stack
                0x0000000000000000        0x0
 .note.GNU-stack
                0x0000000000000000        0x0 c:/program files/microchip/xc8/v2.50/avr/bin/../lib/gcc/avr/5.4.0/../../../../avr/lib/avr5\libm.a(fixsfsi.o)
 .note.GNU-stack
                0x0000000000000000        0x0 c:/program files/microchip/xc8/v2.50/avr/bin/../lib/gcc/avr/5.4.0/../../../../avr/lib/avr5\libm.a(fixunssfsi.o)
 .note.GNU-stack
                0x0000000000000000        0x0 c:/program files/microchip/xc8/v2.50/avr/bin/../lib/gcc/avr/5.4.0/../../../../avr/lib/avr5\libm.a(floatsisf.o)
 .note.GNU-stack
                0x0000000000000000        0x0 c:/program files/microchip/xc8/v2.50/avr/bin/../lib/gcc/avr/5.4.0/../../../../avr/lib/avr5\libm.a(fp_split3.o)
 .note.GNU-stack
                0x0000000000000000        0x0 c:/program files/microchip/xc8/v2.50/avr/bin/../lib/gcc/avr/5.4.0/../../../../avr/lib/avr5\libm.a(fp_zero.o)
 .note.GNU-stack
                0x0000000000000000        0x0 c:/program files/microchip/xc8/v2.50/avr/bin/../lib/gcc/avr/5.4.0/../../../../avr/lib/avr5\libm.a(mulsf3.o)
 .note.GNU-stack
                0x0000000000000000        0x0 c:/program files/microchip/xc8/v2.50/avr/bin/../lib/gcc/avr/5.4.0/../../../../avr/lib/avr5\libm.a(mulsf3x.o)
 .note.GNU-stack
                0x0000000000000000        0x0 c:/program files/microchip/xc8/v2.50/avr/bin/../lib/gcc/avr/5.4.0/../../../../avr/lib/avr5\libm.a(fp_inf.o)
 .note.GNU-stack
                0x0000000000000000        0x0 c:/program files/microchip/xc8/v2.50/avr/bin/../lib/gcc/avr/5.4.0/../../../../avr/lib/avr5\libm.a(fp_nan.o)
 .note.GNU-stack
                0x0000000000000000        0x0 c:/program files/microchip/xc8/v2.50/avr/bin/../lib/gcc/avr/5.4.0/../../../../avr/lib/avr5\libm.a(fp_pscA.o)
 .note.GNU-stack
                0x0000000000000000        0x0 c:/program files/microchip/xc8/v2.50/avr/bin/../lib/gcc/avr/5.4.0/../../../../avr/lib/avr5\libm.a(fp_pscB.o)
 .note.GNU-stack
                0x0000000000000000        0x0 c:/program files/microchip/xc8/v2.50/avr/bin/../lib/gcc/avr/5.4.0/../../../../avr/lib/avr5\libm.a(fp_round.o)
 .note.GNU-stack
                0x0000000000000000        0x0 c:/program files/microchip/xc8/v2.50/avr/bin/../lib/gcc/avr/5.4.0/../../../../avr/lib/avr5\libc.a(exit.o)
 .note.GNU-stack
                0x0000000000000000        0x0 c:/program files/microchip/xc8/v2.50/avr/bin/../lib/gcc/avr/5.4.0/../../../../avr/lib/avr5\libc.a(__sio_sprintf_doux.o)
 .note.GNU-stack
                0x0000000000000000        0x0 c:/program files/microchip/xc8/v2.50/avr/bin/../lib/gcc/avr/5.4.0/../../../../avr/lib/avr5\libc.a(__fmt_d.o)
 .note.GNU-stack
                0x0000000000000000        0x0 c:/program files/microchip/xc8/v2.50/avr/bin/../lib/gcc/avr/5.4.0/../../../../avr/lib/avr5\libc.a(__fmt_o.o)
 .note.GNU-stack
                0x0000000000000000        0x0 c:/program files/microchip/xc8/v2.50/avr/bin/../lib/gcc/avr/5.4.0/../../../../avr/lib/avr5\libc.a(__fmt_s.o)
 .note.GNU-stack
                0x0000000000000000        0x0 c:/program files/microchip/xc8/v2.50/avr/bin/../lib/gcc/avr/5.4.0/../../../../avr/lib/avr5\libc.a(__fmt_u.o)
 .note.GNU-stack
                0x0000000000000000        0x0 c:/program files/microchip/xc8/v2.50/avr/bin/../lib/gcc/avr/5.4.0/../../../../avr/lib/avr5\libc.a(__fmt_x.o)
 .note.GNU-stack
                0x0000000000000000        0x0 c:/program files/microchip/xc8/v2.50/avr/bin/../lib/gcc/avr/5.4.0/../../../../avr/lib/avr5\libc.a(__pop_int.o)
 .note.GNU-stack
                0x0000000000000000        0x0 c:/program files/microchip/xc8/v2.50/avr/bin/../lib/gcc/avr/5.4.0/../../../../avr/lib/avr5\libc.a(__printf_core.o)
 .note.GNU-stack
                0x0000000000000000        0x0 c:/program files/microchip/xc8/v2.50/avr/bin/../lib/gcc/avr/5.4.0/../../../../avr/lib/avr5\libc.a(fputc.o)
 .note.GNU-stack
                0x0000000000000000        0x0 c:/program files/microchip/xc8/v2.50/avr/bin/../lib/gcc/avr/5.4.0/../../../../avr/lib/avr5\libc.a(strlen.o)
 .note.GNU-stack
                0x0000000000000000        0x0 c:/program files/microchip/xc8/v2.50/avr/bin/../lib/gcc/avr/5.4.0/../../../../avr/lib/avr5\libc.a(tolower.o)
 .note.GNU-stack
                0x0000000000000000        0x0 c:/program files/microchip/xc8/v2.50/avr/bin/../lib/gcc/avr/5.4.0/../../../../avr/lib/avr5\libc.a(toupper.o)
 .note.GNU-stack
                0x0000000000000000        0x0 c:/program files/microchip/xc8/v2.50/avr/bin/../lib/gcc/avr/5.4.0/../../../../avr/lib/avr5\libc.a(errno.o)
 .note.GNU-stack
                0x0000000000000000        0x0 c:/program files/microchip/xc8/v2.50/avr/bin/../lib/gcc/avr/5.4.0/../../../../avr/lib/avr5\libc.a(_Exit.o)
 .note.GNU-stack
                0x0000000000000000        0x0 c:/program files/microchip/xc8/v2.50/avr/bin/../lib/gcc/avr/5.4.0/../../../../avr/lib/avr5\libc.a(__int_vsprintf.o)
 .note.GNU-stack
                0x0000000000000000        0x0 c:/program files/microchip/xc8/v2.50/avr/bin/../lib/gcc/avr/5.4.0/../../../../avr/lib/avr5\libc.a(__int_vsnprintf.o)
 .note.GNU-stack
                0x0000000000000000        0x0 c:/program files/microchip/xc8/v2.50/avr/bin/../lib/gcc/avr/5.4.0/../../../../avr/lib/avr5\libc.a(__int_vfprintf.o)

.note.gnu.build-id
 *(.note.gnu.build-id)

.debug
 *(.debug)

.line
 *(.line)

.debug_srcinfo
 *(.debug_srcinfo)

.debug_sfnames
 *(.debug_sfnames)

.debug_aranges  0x0000000000000000      0x2a0
 *(.debug_aranges)
 .debug_aranges
                0x0000000000000000       0x28 build/default/production/main.o
 .debug_aranges
                0x0000000000000028      0x120 build/default/production/DIO.o
 .debug_aranges
                0x0000000000000148       0x30 build/default/production/keypad_3x3.o
 .debug_aranges
                0x0000000000000178       0x58 build/default/production/lcd1602.o
 .debug_aranges
                0x00000000000001d0       0x40 build/default/production/INTERRUPT.o
 .debug_aranges
                0x0000000000000210       0x60 build/default/production/ADC.o
 .debug_aranges
                0x0000000000000270       0x30 build/default/production/lm35.o

.debug_pubnames
 *(.debug_pubnames)

.debug_info     0x0000000000000000     0x39b8
 *(.debug_info .gnu.linkonce.wi.*)
 .debug_info    0x0000000000000000      0x4e6 C:/Program Files/Microchip/MPLABX/v6.20/packs/Microchip/ATmega_DFP/3.1.264/xc8/avr/lib/avr5/crtatmega32a.o
 .debug_info    0x00000000000004e6      0x752 build/default/production/main.o
 .debug_info    0x0000000000000c38      0xb6e build/default/production/DIO.o
 .debug_info    0x00000000000017a6      0xa1d build/default/production/keypad_3x3.o
 .debug_info    0x00000000000021c3      0xbd1 build/default/production/lcd1602.o
 .debug_info    0x0000000000002d94      0x3a9 build/default/production/INTERRUPT.o
 .debug_info    0x000000000000313d      0x52a build/default/production/ADC.o
 .debug_info    0x0000000000003667      0x351 build/default/production/lm35.o

.debug_abbrev   0x0000000000000000      0xe03
 *(.debug_abbrev)
 .debug_abbrev  0x0000000000000000      0x4a3 C:/Program Files/Microchip/MPLABX/v6.20/packs/Microchip/ATmega_DFP/3.1.264/xc8/avr/lib/avr5/crtatmega32a.o
 .debug_abbrev  0x00000000000004a3      0x188 build/default/production/main.o
 .debug_abbrev  0x000000000000062b      0x181 build/default/production/DIO.o
 .debug_abbrev  0x00000000000007ac      0x1e3 build/default/production/keypad_3x3.o
 .debug_abbrev  0x000000000000098f      0x1fe build/default/production/lcd1602.o
 .debug_abbrev  0x0000000000000b8d       0x95 build/default/production/INTERRUPT.o
 .debug_abbrev  0x0000000000000c22      0x12f build/default/production/ADC.o
 .debug_abbrev  0x0000000000000d51       0xb2 build/default/production/lm35.o

.debug_line     0x0000000000000000     0x1331
 *(.debug_line .debug_line.* .debug_line_end)
 .debug_line    0x0000000000000000      0x116 C:/Program Files/Microchip/MPLABX/v6.20/packs/Microchip/ATmega_DFP/3.1.264/xc8/avr/lib/avr5/crtatmega32a.o
 .debug_line    0x0000000000000116      0x1c3 build/default/production/main.o
 .debug_line    0x00000000000002d9      0x5b1 build/default/production/DIO.o
 .debug_line    0x000000000000088a      0x2e6 build/default/production/keypad_3x3.o
 .debug_line    0x0000000000000b70      0x345 build/default/production/lcd1602.o
 .debug_line    0x0000000000000eb5      0x1d4 build/default/production/INTERRUPT.o
 .debug_line    0x0000000000001089      0x1dd build/default/production/ADC.o
 .debug_line    0x0000000000001266       0xcb build/default/production/lm35.o

.debug_frame    0x0000000000000000      0x778
 *(.debug_frame)
 .debug_frame   0x0000000000000000       0x44 build/default/production/main.o
 .debug_frame   0x0000000000000044      0x274 build/default/production/DIO.o
 .debug_frame   0x00000000000002b8       0x7c build/default/production/keypad_3x3.o
 .debug_frame   0x0000000000000334      0x1a8 build/default/production/lcd1602.o
 .debug_frame   0x00000000000004dc      0x13c build/default/production/INTERRUPT.o
 .debug_frame   0x0000000000000618      0x11c build/default/production/ADC.o
 .debug_frame   0x0000000000000734       0x44 build/default/production/lm35.o

.debug_str      0x0000000000000000      0x2ca
 *(.debug_str)
 .debug_str     0x0000000000000000      0x196 C:/Program Files/Microchip/MPLABX/v6.20/packs/Microchip/ATmega_DFP/3.1.264/xc8/avr/lib/avr5/crtatmega32a.o
 .debug_str     0x0000000000000196       0x7d build/default/production/main.o
 .debug_str     0x0000000000000213       0x1b build/default/production/DIO.o
 .debug_str     0x000000000000022e       0x1b build/default/production/keypad_3x3.o
 .debug_str     0x0000000000000249       0x2b build/default/production/lcd1602.o
 .debug_str     0x0000000000000274        0x0 build/default/production/INTERRUPT.o
 .debug_str     0x0000000000000274       0x28 build/default/production/ADC.o
 .debug_str     0x000000000000029c       0x2e build/default/production/lm35.o

.debug_loc      0x0000000000000000     0x15ea
 *(.debug_loc)
 .debug_loc     0x0000000000000000      0x102 build/default/production/main.o
 .debug_loc     0x0000000000000102      0x666 build/default/production/DIO.o
 .debug_loc     0x0000000000000768      0x528 build/default/production/keypad_3x3.o
 .debug_loc     0x0000000000000c90      0x681 build/default/production/lcd1602.o
 .debug_loc     0x0000000000001311       0x89 build/default/production/INTERRUPT.o
 .debug_loc     0x000000000000139a      0x20e build/default/production/ADC.o
 .debug_loc     0x00000000000015a8       0x42 build/default/production/lm35.o

.debug_macinfo
 *(.debug_macinfo)

.debug_weaknames
 *(.debug_weaknames)

.debug_funcnames
 *(.debug_funcnames)

.debug_typenames
 *(.debug_typenames)

.debug_varnames
 *(.debug_varnames)

.debug_pubtypes
 *(.debug_pubtypes)

.debug_ranges   0x0000000000000000      0x260
 *(.debug_ranges)
 .debug_ranges  0x0000000000000000       0x48 build/default/production/main.o
 .debug_ranges  0x0000000000000048      0x110 build/default/production/DIO.o
 .debug_ranges  0x0000000000000158       0x20 build/default/production/keypad_3x3.o
 .debug_ranges  0x0000000000000178       0x48 build/default/production/lcd1602.o
 .debug_ranges  0x00000000000001c0       0x30 build/default/production/INTERRUPT.o
 .debug_ranges  0x00000000000001f0       0x50 build/default/production/ADC.o
 .debug_ranges  0x0000000000000240       0x20 build/default/production/lm35.o

.debug_macro
 *(.debug_macro)
OUTPUT(dist/default/production/Alex60_hazem.X.production.elf elf32-avr)
LOAD linker stubs
LOAD data_init

.note.gnu.avr.deviceinfo
                0x0000000000000000       0x3c
 .note.gnu.avr.deviceinfo
                0x0000000000000000       0x3c C:/Program Files/Microchip/MPLABX/v6.20/packs/Microchip/ATmega_DFP/3.1.264/xc8/avr/lib/avr5/crtatmega32a.o

.bss.current_reading
                0x0000000000800090        0x4
 .bss.current_reading
                0x0000000000800090        0x4 build/default/production/main.o
                0x0000000000800090                current_reading

.bss.INT2_callback
                0x0000000000800098        0x2
 .bss.INT2_callback
                0x0000000000800098        0x2 build/default/production/INTERRUPT.o
                0x0000000000800098                INT2_callback

.bss.INT1_callback
                0x000000000080009a        0x2
 .bss.INT1_callback
                0x000000000080009a        0x2 build/default/production/INTERRUPT.o
                0x000000000080009a                INT1_callback

.bss.INT0_callback
                0x000000000080009c        0x2
 .bss.INT0_callback
                0x000000000080009c        0x2 build/default/production/INTERRUPT.o
                0x000000000080009c                INT0_callback

.bss.ADLAR_ON   0x00000000008000a0        0x1
 .bss.ADLAR_ON  0x00000000008000a0        0x1 build/default/production/ADC.o
                0x00000000008000a0                ADLAR_ON

.bss.ADC_INT_ON
                0x000000000080009e        0x2
 .bss.ADC_INT_ON
                0x000000000080009e        0x2 build/default/production/ADC.o
                0x000000000080009e                ADC_INT_ON

.text.vfpfcnvrt
                0x00000000000000c6      0x3fc
 .text.vfpfcnvrt
                0x00000000000000c6      0x3fc c:/program files/microchip/xc8/v2.50/avr/bin/../lib/gcc/avr/5.4.0/../../../../avr/lib/avr5\libc.a(__printf_core.o)
                0x00000000000000c6                vfpfcnvrt

.text.__fmt_x   0x00000000000004c2      0x1dc
 .text.__fmt_x  0x00000000000004c2      0x1dc c:/program files/microchip/xc8/v2.50/avr/bin/../lib/gcc/avr/5.4.0/../../../../avr/lib/avr5\libc.a(__fmt_x.o)
                0x00000000000004c2                __fmt_x_needed
                0x00000000000004c2                __fmt_x

.text.KEYPAD_3X3_READ
                0x000000000000069e      0x19e
 .text.KEYPAD_3X3_READ
                0x000000000000069e      0x19e build/default/production/keypad_3x3.o
                0x000000000000069e                KEYPAD_3X3_READ

.text.main      0x000000000000083c      0x170
 .text.main     0x000000000000083c      0x170 build/default/production/main.o
                0x000000000000083c                main

.text.__fmt_d   0x00000000000009ac       0xe4
 .text.__fmt_d  0x00000000000009ac       0xe4 c:/program files/microchip/xc8/v2.50/avr/bin/../lib/gcc/avr/5.4.0/../../../../avr/lib/avr5\libc.a(__fmt_d.o)
                0x00000000000009ac                __fmt_d
                0x00000000000009ac                __fmt_d_needed

.text           0x0000000000000a90       0xd4
 .text          0x0000000000000a90       0xd4 c:/program files/microchip/xc8/v2.50/avr/bin/../lib/gcc/avr/5.4.0/../../../../avr/lib/avr5\libm.a(mulsf3x.o)
                0x0000000000000a90                __mulsf3x
                0x0000000000000ab6                __mulsf3_pse

.text.__pop_int
                0x0000000000000b64       0xd0
 .text.__pop_int
                0x0000000000000b64       0xd0 c:/program files/microchip/xc8/v2.50/avr/bin/../lib/gcc/avr/5.4.0/../../../../avr/lib/avr5\libc.a(__pop_int.o)
                0x0000000000000b64                __pop_int_needed
                0x0000000000000b64                __pop_int

.text.__cvt_u   0x0000000000000c34       0xca
 .text.__cvt_u  0x0000000000000c34       0xca c:/program files/microchip/xc8/v2.50/avr/bin/../lib/gcc/avr/5.4.0/../../../../avr/lib/avr5\libc.a(__fmt_u.o)
                0x0000000000000c34                __cvt_u

.text.LCD1602_INIT
                0x0000000000000cfe       0xc2
 .text.LCD1602_INIT
                0x0000000000000cfe       0xc2 build/default/production/lcd1602.o
                0x0000000000000cfe                LCD1602_INIT

.text.__fmt_o   0x0000000000000dc0       0xb2
 .text.__fmt_o  0x0000000000000dc0       0xb2 c:/program files/microchip/xc8/v2.50/avr/bin/../lib/gcc/avr/5.4.0/../../../../avr/lib/avr5\libc.a(__fmt_o.o)
                0x0000000000000dc0                __fmt_o
                0x0000000000000dc0                __fmt_o_needed

.text.LCD1602_CMD
                0x0000000000000e72       0xaa
 .text.LCD1602_CMD
                0x0000000000000e72       0xaa build/default/production/lcd1602.o
                0x0000000000000e72                LCD1602_CMD

.text.LCD1602_CHAR
                0x0000000000000f1c       0xaa
 .text.LCD1602_CHAR
                0x0000000000000f1c       0xaa build/default/production/lcd1602.o
                0x0000000000000f1c                LCD1602_CHAR

.text.fputc     0x0000000000000fc6       0x98
 .text.fputc    0x0000000000000fc6       0x98 c:/program files/microchip/xc8/v2.50/avr/bin/../lib/gcc/avr/5.4.0/../../../../avr/lib/avr5\libc.a(fputc.o)
                0x0000000000000fc6                fputc
                0x0000000000000fc6                putc

.text.__fmt_u   0x000000000000105e       0x8e
 .text.__fmt_u  0x000000000000105e       0x8e c:/program files/microchip/xc8/v2.50/avr/bin/../lib/gcc/avr/5.4.0/../../../../avr/lib/avr5\libc.a(__fmt_u.o)
                0x000000000000105e                __fmt_u_needed
                0x000000000000105e                __fmt_u

.text.KEYPAD_3X3_INIT
                0x00000000000010ec       0x7a
 .text.KEYPAD_3X3_INIT
                0x00000000000010ec       0x7a build/default/production/keypad_3x3.o
                0x00000000000010ec                KEYPAD_3X3_INIT

.text           0x0000000000001166       0x7a
 .text          0x0000000000001166       0x7a c:/program files/microchip/xc8/v2.50/avr/bin/../lib/gcc/avr/5.4.0/../../../../avr/lib/avr5\libm.a(floatsisf.o)
                0x0000000000001166                __floatunsisf
                0x000000000000116a                __floatsisf

.text.__printf_core
                0x00000000000011e0       0x78
 .text.__printf_core
                0x00000000000011e0       0x78 c:/program files/microchip/xc8/v2.50/avr/bin/../lib/gcc/avr/5.4.0/../../../../avr/lib/avr5\libc.a(__printf_core.o)
                0x00000000000011e0                __printf_core

.text.__vsnprintf
                0x0000000000001258       0x74
 .text.__vsnprintf
                0x0000000000001258       0x74 c:/program files/microchip/xc8/v2.50/avr/bin/../lib/gcc/avr/5.4.0/../../../../avr/lib/avr5\libc.a(__int_vsnprintf.o)
                0x0000000000001258                __vsnprintf

.text.__pad     0x00000000000012cc       0x72
 .text.__pad    0x00000000000012cc       0x72 c:/program files/microchip/xc8/v2.50/avr/bin/../lib/gcc/avr/5.4.0/../../../../avr/lib/avr5\libc.a(__printf_core.o)
                0x00000000000012cc                __pad

.text.SET_PIN   0x000000000000133e       0x68
 .text.SET_PIN  0x000000000000133e       0x68 build/default/production/DIO.o
                0x000000000000133e                SET_PIN

.text.SET_PIN_DIR
                0x00000000000013a6       0x68
 .text.SET_PIN_DIR
                0x00000000000013a6       0x68 build/default/production/DIO.o
                0x00000000000013a6                SET_PIN_DIR

.text.LCD1602_INT
                0x000000000000140e       0x68
 .text.LCD1602_INT
                0x000000000000140e       0x68 build/default/production/lcd1602.o
                0x000000000000140e                LCD1602_INT

.text           0x0000000000001476       0x5e
 .text          0x0000000000001476       0x5e c:/program files/microchip/xc8/v2.50/avr/bin/../lib/gcc/avr/5.4.0/../../../../avr/lib/avr5\libm.a(fixunssfsi.o)
                0x0000000000001476                __fixunssfsi

.text.GET_PIN   0x00000000000014d4       0x5c
 .text.GET_PIN  0x00000000000014d4       0x5c build/default/production/DIO.o
                0x00000000000014d4                GET_PIN

.text.read_prec_or_width
                0x0000000000001530       0x5c
 .text.read_prec_or_width
                0x0000000000001530       0x5c c:/program files/microchip/xc8/v2.50/avr/bin/../lib/gcc/avr/5.4.0/../../../../avr/lib/avr5\libc.a(__printf_core.o)

.text.__fmt_s   0x000000000000158c       0x54
 .text.__fmt_s  0x000000000000158c       0x54 c:/program files/microchip/xc8/v2.50/avr/bin/../lib/gcc/avr/5.4.0/../../../../avr/lib/avr5\libc.a(__fmt_s.o)
                0x000000000000158c                __fmt_s
                0x000000000000158c                __fmt_0_needed
                0x000000000000158c                __fmt_s_needed

.text.__vector_1
                0x00000000000015e0       0x52
 .text.__vector_1
                0x00000000000015e0       0x52 build/default/production/INTERRUPT.o
                0x00000000000015e0                __vector_1

.text.__vector_2
                0x0000000000001632       0x52
 .text.__vector_2
                0x0000000000001632       0x52 build/default/production/INTERRUPT.o
                0x0000000000001632                __vector_2

.text.__vector_3
                0x0000000000001684       0x52
 .text.__vector_3
                0x0000000000001684       0x52 build/default/production/INTERRUPT.o
                0x0000000000001684                __vector_3

.text.__vector_16
                0x00000000000016d6       0x52
 .text.__vector_16
                0x00000000000016d6       0x52 build/default/production/ADC.o
                0x00000000000016d6                __vector_16

.text.GET_PORT_PIN_NUM
                0x0000000000001728       0x4e
 .text.GET_PORT_PIN_NUM
                0x0000000000001728       0x4e build/default/production/DIO.o
                0x0000000000001728                GET_PORT_PIN_NUM

.text           0x0000000000001776       0x44
 .text          0x0000000000001776       0x44 c:/program files/microchip/xc8/v2.50/avr/bin/../lib/gcc/avr/5.4.0/../../../../avr/lib/avr5\libm.a(fp_split3.o)
                0x0000000000001776                __fp_split3
                0x0000000000001786                __fp_splitA

.text.libgcc.div
                0x00000000000017ba       0x44
 .text.libgcc.div
                0x00000000000017ba       0x44 c:/program files/microchip/xc8/v2.50/avr/bin/../lib/gcc/avr/5.4.0/avr5\libgcc.a(_udivmodsi4.o)
                0x00000000000017ba                __udivmodsi4

.text.SET_PINA  0x00000000000017fe       0x40
 .text.SET_PINA
                0x00000000000017fe       0x40 build/default/production/DIO.o
                0x00000000000017fe                SET_PINA

.text.SET_PINB  0x000000000000183e       0x40
 .text.SET_PINB
                0x000000000000183e       0x40 build/default/production/DIO.o
                0x000000000000183e                SET_PINB

.text.SET_PINC  0x000000000000187e       0x40
 .text.SET_PINC
                0x000000000000187e       0x40 build/default/production/DIO.o
                0x000000000000187e                SET_PINC

.text.SET_PIND  0x00000000000018be       0x40
 .text.SET_PIND
                0x00000000000018be       0x40 build/default/production/DIO.o
                0x00000000000018be                SET_PIND

.text.SET_PINA_DIR
                0x00000000000018fe       0x40
 .text.SET_PINA_DIR
                0x00000000000018fe       0x40 build/default/production/DIO.o
                0x00000000000018fe                SET_PINA_DIR

.text.SET_PINB_DIR
                0x000000000000193e       0x40
 .text.SET_PINB_DIR
                0x000000000000193e       0x40 build/default/production/DIO.o
                0x000000000000193e                SET_PINB_DIR

.text.SET_PINC_DIR
                0x000000000000197e       0x40
 .text.SET_PINC_DIR
                0x000000000000197e       0x40 build/default/production/DIO.o
                0x000000000000197e                SET_PINC_DIR

.text.SET_PIND_DIR
                0x00000000000019be       0x40
 .text.SET_PIND_DIR
                0x00000000000019be       0x40 build/default/production/DIO.o
                0x00000000000019be                SET_PIND_DIR

.text.__fmt_state
                0x00000000000019fe       0x40
 .text.__fmt_state
                0x00000000000019fe       0x40 c:/program files/microchip/xc8/v2.50/avr/bin/../lib/gcc/avr/5.4.0/../../../../avr/lib/avr5\libc.a(__printf_core.o)
                0x00000000000019fe                __fmt_state

.text.__out     0x0000000000001a3e       0x3a
 .text.__out    0x0000000000001a3e       0x3a c:/program files/microchip/xc8/v2.50/avr/bin/../lib/gcc/avr/5.4.0/../../../../avr/lib/avr5\libc.a(__printf_core.o)
                0x0000000000001a3e                __out

.text.libgcc.prologue
                0x0000000000001a78       0x38
 .text.libgcc.prologue
                0x0000000000001a78       0x38 c:/program files/microchip/xc8/v2.50/avr/bin/../lib/gcc/avr/5.4.0/avr5\libgcc.a(_prologue.o)
                0x0000000000001a78                __prologue_saves__

.text.libgcc.prologue
                0x0000000000001ab0       0x36
 .text.libgcc.prologue
                0x0000000000001ab0       0x36 c:/program files/microchip/xc8/v2.50/avr/bin/../lib/gcc/avr/5.4.0/avr5\libgcc.a(_epilogue.o)
                0x0000000000001ab0                __epilogue_restores__

.text.ADC_INIT  0x0000000000001ae6       0x30
 .text.ADC_INIT
                0x0000000000001ae6       0x30 build/default/production/ADC.o
                0x0000000000001ae6                ADC_INIT

.text.__vfprintf
                0x0000000000001b16       0x30
 .text.__vfprintf
                0x0000000000001b16       0x30 c:/program files/microchip/xc8/v2.50/avr/bin/../lib/gcc/avr/5.4.0/../../../../avr/lib/avr5\libc.a(__int_vfprintf.o)
                0x0000000000001b16                __vfprintf

.text.read_temp
                0x0000000000001b46       0x2e
 .text.read_temp
                0x0000000000001b46       0x2e build/default/production/main.o
                0x0000000000001b46                read_temp

.text.LCD1602_STR
                0x0000000000001b74       0x2a
 .text.LCD1602_STR
                0x0000000000001b74       0x2a build/default/production/lcd1602.o
                0x0000000000001b74                LCD1602_STR

.text.LCD1602_EN
                0x0000000000001b9e       0x24
 .text.LCD1602_EN
                0x0000000000001b9e       0x24 build/default/production/lcd1602.o
                0x0000000000001b9e                LCD1602_EN

.text.__wrap_sprintf
                0x0000000000001bc2       0x24
 .text.__wrap_sprintf
                0x0000000000001bc2       0x24 c:/program files/microchip/xc8/v2.50/avr/bin/../lib/gcc/avr/5.4.0/../../../../avr/lib/avr5\libc.a(__sio_sprintf_doux.o)
                0x0000000000001bc2                _sprintf_cdopuxX

.text           0x0000000000001be6       0x22
 .text          0x0000000000001be6       0x22 c:/program files/microchip/xc8/v2.50/avr/bin/../lib/gcc/avr/5.4.0/../../../../avr/lib/avr5\libm.a(fp_round.o)
                0x0000000000001be6                __fp_round

.text.LM35_READ
                0x0000000000001c08       0x1e
 .text.LM35_READ
                0x0000000000001c08       0x1e build/default/production/lm35.o
                0x0000000000001c08                LM35_READ

.text.ADC_READ  0x0000000000001c26       0x1c
 .text.ADC_READ
                0x0000000000001c26       0x1c build/default/production/ADC.o
                0x0000000000001c26                ADC_READ

.text.strlen    0x0000000000001c42       0x1c
 .text.strlen   0x0000000000001c42       0x1c c:/program files/microchip/xc8/v2.50/avr/bin/../lib/gcc/avr/5.4.0/../../../../avr/lib/avr5\libc.a(strlen.o)
                0x0000000000001c42                strlen

.text.ADC_ADMUX_CONFIG
                0x0000000000001c5e       0x1a
 .text.ADC_ADMUX_CONFIG
                0x0000000000001c5e       0x1a build/default/production/ADC.o

.text.GET_PINA  0x0000000000001c78       0x16
 .text.GET_PINA
                0x0000000000001c78       0x16 build/default/production/DIO.o
                0x0000000000001c78                GET_PINA

.text.GET_PINB  0x0000000000001c8e       0x16
 .text.GET_PINB
                0x0000000000001c8e       0x16 build/default/production/DIO.o
                0x0000000000001c8e                GET_PINB

.text.GET_PINC  0x0000000000001ca4       0x16
 .text.GET_PINC
                0x0000000000001ca4       0x16 build/default/production/DIO.o
                0x0000000000001ca4                GET_PINC

.text.GET_PIND  0x0000000000001cba       0x16
 .text.GET_PIND
                0x0000000000001cba       0x16 build/default/production/DIO.o
                0x0000000000001cba                GET_PIND

.text.exit      0x0000000000001cd0       0x16
 .text.exit     0x0000000000001cd0       0x16 c:/program files/microchip/xc8/v2.50/avr/bin/../lib/gcc/avr/5.4.0/../../../../avr/lib/avr5\libc.a(exit.o)
                0x0000000000001cd0                exit

.text.toupper   0x0000000000001ce6       0x12
 .text.toupper  0x0000000000001ce6       0x12 c:/program files/microchip/xc8/v2.50/avr/bin/../lib/gcc/avr/5.4.0/../../../../avr/lib/avr5\libc.a(toupper.o)
                0x0000000000001ce6                toupper

.text.tolower   0x0000000000001cf8       0x10
 .text.tolower  0x0000000000001cf8       0x10 c:/program files/microchip/xc8/v2.50/avr/bin/../lib/gcc/avr/5.4.0/../../../../avr/lib/avr5\libc.a(tolower.o)
                0x0000000000001cf8                tolower

.text.ADC_CHANGE_CHANNEL
                0x0000000000001d08        0xe
 .text.ADC_CHANGE_CHANNEL
                0x0000000000001d08        0xe build/default/production/ADC.o
                0x0000000000001d08                ADC_CHANGE_CHANNEL

.text           0x0000000000001d16        0xe
 .text          0x0000000000001d16        0xe c:/program files/microchip/xc8/v2.50/avr/bin/../lib/gcc/avr/5.4.0/../../../../avr/lib/avr5\libm.a(fixsfsi.o)
                0x0000000000001d16                __fixsfsi

.text           0x0000000000001d24        0xe
 .text          0x0000000000001d24        0xe c:/program files/microchip/xc8/v2.50/avr/bin/../lib/gcc/avr/5.4.0/../../../../avr/lib/avr5\libm.a(fp_zero.o)
                0x0000000000001d24                __fp_zero
                0x0000000000001d26                __fp_szero

.text           0x0000000000001d32        0xe
 .text          0x0000000000001d32        0xe c:/program files/microchip/xc8/v2.50/avr/bin/../lib/gcc/avr/5.4.0/../../../../avr/lib/avr5\libm.a(fp_pscA.o)
                0x0000000000001d32                __fp_pscA

.text           0x0000000000001d40        0xe
 .text          0x0000000000001d40        0xe c:/program files/microchip/xc8/v2.50/avr/bin/../lib/gcc/avr/5.4.0/../../../../avr/lib/avr5\libm.a(fp_pscB.o)
                0x0000000000001d40                __fp_pscB

.text.__vsprintf
                0x0000000000001d4e        0xe
 .text.__vsprintf
                0x0000000000001d4e        0xe c:/program files/microchip/xc8/v2.50/avr/bin/../lib/gcc/avr/5.4.0/../../../../avr/lib/avr5\libc.a(__int_vsprintf.o)
                0x0000000000001d4e                __vsprintf

.text           0x0000000000001d5c        0xc
 .text          0x0000000000001d5c        0xc c:/program files/microchip/xc8/v2.50/avr/bin/../lib/gcc/avr/5.4.0/../../../../avr/lib/avr5\libm.a(fp_inf.o)
                0x0000000000001d5c                __fp_inf

.text.LM35_SAMPLE
                0x0000000000001d68        0xa
 .text.LM35_SAMPLE
                0x0000000000001d68        0xa build/default/production/lm35.o
                0x0000000000001d68                LM35_SAMPLE

.text           0x0000000000001d72        0x8
 .text          0x0000000000001d72        0x8 c:/program files/microchip/xc8/v2.50/avr/bin/../lib/gcc/avr/5.4.0/../../../../avr/lib/avr5\libm.a(mulsf3.o)
                0x0000000000001d72                __mulsf3

.text           0x0000000000001d7a        0x6
 .text          0x0000000000001d7a        0x6 c:/program files/microchip/xc8/v2.50/avr/bin/../lib/gcc/avr/5.4.0/../../../../avr/lib/avr5\libm.a(fp_nan.o)
                0x0000000000001d7a                __fp_nan

.text           0x0000000000001d80        0x4
 .text          0x0000000000001d80        0x4 C:/Program Files/Microchip/MPLABX/v6.20/packs/Microchip/ATmega_DFP/3.1.264/xc8/avr/lib/avr5/crtatmega32a.o
                0x0000000000001d80                __vector_12
                0x0000000000001d80                __bad_interrupt
                0x0000000000001d80                __vector_6
                0x0000000000001d80                __vector_11
                0x0000000000001d80                __vector_13
                0x0000000000001d80                __vector_17
                0x0000000000001d80                __vector_19
                0x0000000000001d80                __vector_7
                0x0000000000001d80                __vector_5
                0x0000000000001d80                __vector_4
                0x0000000000001d80                __vector_9
                0x0000000000001d80                __vector_15
                0x0000000000001d80                __vector_8
                0x0000000000001d80                __vector_14
                0x0000000000001d80                __vector_10
                0x0000000000001d80                __vector_18
                0x0000000000001d80                __vector_20

.text.ADC_MANUAL_SAMPLE
                0x0000000000001d84        0x4
 .text.ADC_MANUAL_SAMPLE
                0x0000000000001d84        0x4 build/default/production/ADC.o
                0x0000000000001d84                ADC_MANUAL_SAMPLE

.text._Exit     0x0000000000001d88        0x4
 .text._Exit    0x0000000000001d88        0x4 c:/program files/microchip/xc8/v2.50/avr/bin/../lib/gcc/avr/5.4.0/../../../../avr/lib/avr5\libc.a(_Exit.o)
                0x0000000000001d88                _Exit

.text.__dummy_fini
                0x0000000000001d8c        0x2
 .text.__dummy_fini
                0x0000000000001d8c        0x2 c:/program files/microchip/xc8/v2.50/avr/bin/../lib/gcc/avr/5.4.0/../../../../avr/lib/avr5\libc.a(exit.o)
                0x0000000000001d8c                _fini

.text.__dummy_funcs_on_exit
                0x0000000000001d8e        0x2
 .text.__dummy_funcs_on_exit
                0x0000000000001d8e        0x2 c:/program files/microchip/xc8/v2.50/avr/bin/../lib/gcc/avr/5.4.0/../../../../avr/lib/avr5\libc.a(exit.o)
                0x0000000000001d8e                __funcs_on_exit

.text.__dummy_simulator_exit
                0x0000000000001d90        0x2
 .text.__dummy_simulator_exit
                0x0000000000001d90        0x2 c:/program files/microchip/xc8/v2.50/avr/bin/../lib/gcc/avr/5.4.0/../../../../avr/lib/avr5\libc.a(exit.o)
                0x0000000000001d90                __simulator_exit

.rodata.state_table
                0x0000000000800062       0x16 load address 0x0000000000001d92
 .rodata.state_table
                0x0000000000800062       0x16 c:/program files/microchip/xc8/v2.50/avr/bin/../lib/gcc/avr/5.4.0/../../../../avr/lib/avr5\libc.a(__printf_core.o)

.rodata         0x0000000000800078        0xb load address 0x0000000000001da8
 .rodata        0x0000000000800078        0xb build/default/production/main.o

.rodata.nuls.2781
                0x0000000000800083        0x7 load address 0x0000000000001db3
 .rodata.nuls.2781
                0x0000000000800083        0x7 c:/program files/microchip/xc8/v2.50/avr/bin/../lib/gcc/avr/5.4.0/../../../../avr/lib/avr5\libc.a(__fmt_s.o)

.rodata.nilstr.2962
                0x000000000080008a        0x6 load address 0x0000000000001dba
 .rodata.nilstr.2962
                0x000000000080008a        0x6 c:/program files/microchip/xc8/v2.50/avr/bin/../lib/gcc/avr/5.4.0/../../../../avr/lib/avr5\libc.a(__printf_core.o)

.rodata         0x0000000000800094        0x4 load address 0x0000000000001dc0
 .rodata        0x0000000000800094        0x4 build/default/production/lcd1602.o
